com.google.protobuf.WellKnownTypesTest
com.google.protobuf.FieldPresenceTest
com.google.protobuf.LongArrayListTest
com.google.protobuf.AbstractMessageTest
com.google.protobuf.MapForProto2Test
com.google.protobuf.ParserTest
com.google.protobuf.LazyStringArrayListTest
com.google.protobuf.ServiceTest
com.google.protobuf.LazyMessageLiteTest
com.google.protobuf.LazyFieldTest
com.google.protobuf.DynamicMessageTest
com.google.protobuf.CodedInputStreamTest
com.google.protobuf.WireFormatTest
com.google.protobuf.SmallSortedMapTest
com.google.protobuf.UnknownFieldSetLiteTest
com.google.protobuf.LiteralByteStringTest
com.google.protobuf.MapTest
com.google.protobuf.IsValidUtf8Test
com.google.protobuf.SingleFieldBuilderTest
com.google.protobuf.UnknownEnumValueTest
com.google.protobuf.DeprecatedFieldTest
com.google.protobuf.RopeByteStringSubstringTest
com.google.protobuf.DoubleArrayListTest
com.google.protobuf.RepeatedFieldBuilderTest
com.google.protobuf.CodedOutputStreamTest
com.google.protobuf.UnmodifiableLazyStringListTest
com.google.protobuf.IntArrayListTest
com.google.protobuf.ProtobufArrayListTest
com.google.protobuf.LazyFieldLiteTest
com.google.protobuf.DescriptorsTest
com.google.protobuf.LazyStringEndToEndTest
com.google.protobuf.AnyTest
com.google.protobuf.NioByteStringTest
com.google.protobuf.FloatArrayListTest
com.google.protobuf.ByteStringTest
com.google.protobuf.LiteEqualsAndHashTest
com.google.protobuf.LiteTest
com.google.protobuf.GeneratedMessageTest
com.google.protobuf.MessageTest
com.google.protobuf.MapForProto2LiteTest
com.google.protobuf.RopeByteStringTest
com.google.protobuf.TextFormatTest
com.google.protobuf.NestedBuildersTest
com.google.protobuf.BoundedByteStringTest
com.google.protobuf.BooleanArrayListTest
com.google.protobuf.CheckUtf8Test
com.google.protobuf.UnknownFieldSetTest
