com.google.protobuf.test.AbstractMessageTest
com.google.protobuf.test.ParserTest
com.google.protobuf.test.LazyStringArrayListTest
com.google.protobuf.test.ServiceTest
com.google.protobuf.test.DynamicMessageTest
com.google.protobuf.test.CodedInputStreamTest
com.google.protobuf.test.WireFormatTest
com.google.protobuf.test.LiteralByteStringTest
com.google.protobuf.test.SingleFieldBuilderTest
com.google.protobuf.test.DeprecatedFieldTest
com.google.protobuf.test.RopeByteStringSubstringTest
com.google.protobuf.test.RepeatedFieldBuilderTest
com.google.protobuf.test.CodedOutputStreamTest
com.google.protobuf.test.UnmodifiableLazyStringListTest
com.google.protobuf.test.DescriptorsTest
com.google.protobuf.test.LazyStringEndToEndTest
com.google.protobuf.test.ByteStringTest
com.google.protobuf.test.GeneratedMessageTest
com.google.protobuf.test.MessageTest
com.google.protobuf.test.RopeByteStringTest
com.google.protobuf.test.TextFormatTest
com.google.protobuf.test.NestedBuildersTest
com.google.protobuf.test.BoundedByteStringTest
com.google.protobuf.test.UnknownFieldSetTest
